// Jest Snapshot v1, https://goo.gl/fbAQLP

exports[`Modal component should render properly 1`] = `
<main
  id="bl-modal"
>
  <div
    aria-hidden="true"
    aria-labelledby="customModal"
    class="modal fade"
    id="target"
    role="dialog"
    tabindex="-1"
  >
    <div
      class="modal-dialog modal-dialog-centered"
      role="document"
    >
      <div
        class="modal-content"
      >
        <div
          class="modal-header"
        >
          <!---->
           
          <div>
            <!---->
             
            <!---->
          </div>
           
          <button
            aria-label="Close"
            class="close"
            data-dismiss="modal"
            type="button"
          >
            <span
              aria-hidden="true"
            >
              Ã—
            </span>
          </button>
        </div>
         
        <div
          class="modal-body"
        />
         
        <div
          class="modal-footer"
        >
          <button
            class="btn btn-outline-primary"
            data-dismiss="modal"
            type="button"
          >
            Close
          </button>
           
          <button
            class="btn btn-primary"
            type="button"
          >
            Save changes
          </button>
        </div>
      </div>
    </div>
  </div>
</main>
`;
