// Jest Snapshot v1, https://goo.gl/fbAQLP

exports[`SocialMedia Component should render correctly 1`] = `
<main
  class="container-fluid p-0 bl-social-media"
  id="bl-social-media"
>
  <header
    id="feeds-header"
  >
    <nav
      class="navbar navbar-expand-lg navbar-light px-5"
    >
      <a
        class="backlink"
        href="/settings"
      >
        <i
          class="fal fa-long-arrow-left fa-2x back-icon"
        />
         
        <span
          class="back-text"
        >
          Back
        </span>
      </a>
       
      <a
        class="router-link"
      >
        <img
          class="nav-logo"
          src="@/assets/Logo.svg"
        />
         
        <!---->
      </a>
       
      <!---->
       
      <!---->
    </nav>
  </header>
   
  <div
    class="container main-content"
  >
    <div
      class="row social-media-form"
    >
      <form>
        <div
          class="form-group bl-form-header"
        >
          <h3>
            Update Social Media
          </h3>
        </div>
         
        <div
          class="form-group"
        >
          <label
            for="facebook"
          >
            Facebook
          </label>
           
          <input
            aria-describedby="facebook"
            class="form-control"
            id="facebook"
            placeholder="https://facebook.com/username"
            type="text"
          />
        </div>
         
        <div
          class="form-group"
        >
          <label
            for="twitter"
          >
            Twitter
          </label>
           
          <input
            aria-describedby="twitter"
            class="form-control"
            id="twitter"
            placeholder="https://twitter.com/username"
            type="text"
          />
        </div>
         
        <div
          class="form-group"
        >
          <label
            for="linkedin"
          >
            LinkedIn
          </label>
           
          <input
            aria-describedby="linkedin"
            class="form-control"
            id="linkedin"
            placeholder="https://linkedin.com/username"
            type="text"
          />
        </div>
         
        <div
          class="form-group text-right pr-3 add-link"
        >
          <span>
            <i
              class="fas fa-plus mr-1"
            />
             Add
          </span>
        </div>
         
        <br />
         
        <button
          class="btn btn-primary btn-block bl-form-btn"
          type="submit"
        >
          
          Save
        
        </button>
      </form>
    </div>
  </div>
   
  <div
    class="footer-container"
  >
    <p>
      <span
        class="bloverse"
      >
        bloverse
      </span>
       2019. All Rights Reserved
    </p>
  </div>
</main>
`;
