// Jest Snapshot v1, https://goo.gl/fbAQLP

exports[`RecommendationCard Component should render correctly 1`] = `
<main
  class="card recommendation-card"
>
  <img
    alt="..."
    class="card-img-top"
    src="@/assets/photo-4.jpg"
  />
   
  <div
    class="card-body"
  >
    <h5
      class="card-title"
    >
      Category
    </h5>
     
    <div
      class="card-text recommendation-card--content"
    >
      <p
        class="font-weight-bold recommendation-card--content__text"
      >
        <a>
          Some quick example text to build on the card title and make up the bulk of the card's content.
        Some quick example text to build on the card title and make up the bulk of the card's content.
        Some quick example text to build on the card title and make up the bulk of the card's content.
        </a>
      </p>
       
      <p
        class="recommendation-card--content__username"
      >
        <a
          class="btn btn-primary initials"
          href="#"
          role="button"
        />
         
        <span
          class="font-weight-bold name"
        >
          Johndoe
        </span>
         
        <span
          class="time"
        >
          1 min ago
        </span>
      </p>
    </div>
     
    <div
      class="card-text row actions"
    >
      <div
        class="col-7 views"
      >
        <i
          class="fal fa-eye"
        />
         
        <span
          class="count"
        >
          123
        </span>
      </div>
       
      <div
        class="col-5 row others"
      >
        <div
          class="col-9 likes"
        >
          <p
            class="thumbs-up"
          >
            <i
              class="fal fa-thumbs-up"
            />
             
            <span
              class="count"
            >
              18
            </span>
          </p>
           
          <p
            class="thumbs-up"
            style="display: none;"
          >
            <i
              class="fas fa-thumbs-up"
            />
             
            <span
              class="count"
            >
              18
            </span>
          </p>
           
          <p
            class="thumbs-down"
          >
            <i
              class="fal fa-thumbs-down"
            />
             
            <span
              class="count"
            >
              1
            </span>
          </p>
           
          <p
            class="thumbs-down"
            style="display: none;"
          >
            <i
              class="fas fa-thumbs-down"
            />
             
            <span
              class="count"
            >
              1
            </span>
          </p>
        </div>
         
        <div
          class="col-3 ellipsis"
        >
          <span
            aria-expanded="false"
            aria-haspopup="true"
            class="nav-link dropdown-toggle"
            data-toggle="dropdown"
            href="#"
            id="navbarDropdown"
            role="button"
          >
            <i
              class="fal fa-ellipsis-h"
            />
          </span>
           
          <div
            aria-labelledby="dropdownMenuReference"
            class="dropdown-menu bl-dropdown-menu"
          >
            <div
              class="d-flex bl-dropdown-menu__countries"
            >
              <div
                class="favourite-countries"
              >
                <p
                  class="dropdown-item country"
                >
                  <i
                    class="fal fa-comment-dots"
                  />
                   
                  <span
                    class="count"
                  >
                    67
                  </span>
                </p>
                 
                <p
                  class="dropdown-item country"
                >
                  <i
                    class="fal fa-share"
                  />
                   
                  <span
                    class="count"
                  >
                    67
                  </span>
                </p>
              </div>
            </div>
          </div>
        </div>
      </div>
    </div>
  </div>
</main>
`;
