// Jest Snapshot v1, https://goo.gl/fbAQLP

exports[`CreatorActionCard Component should render correctly 1`] = `
<main
  id="bl-actions"
>
  <div
    class="bg-white p-4"
  >
    <div
      class="row mb-3"
    >
      <div
        class="col-8"
      >
        <h6
          class="text-primary"
        >
          <i
            class="fal fa-rocket"
          />
           Posts
        </h6>
         
        <p
          class="text-muted mt-2"
        >
          Update your information
        </p>
      </div>
       
      <div
        class="col-4 d-flex justify-content-end align-items-center"
      >
        <span
          class="badge badge-primary"
        >
          4
        </span>
      </div>
    </div>
     
    <div
      class="row mb-3"
    >
      <div
        class="col-8"
      >
        <a>
          <h6
            class="text-primary"
          >
            <i
              class="far fa-edit"
            />
             Drafts
          </h6>
           
          <p
            class="text-muted mt-2"
          >
            Update your information
          </p>
        </a>
      </div>
       
      <div
        class="col-4 d-flex justify-content-end align-items-center"
      >
        <span
          class="badge badge-primary"
        >
          4
        </span>
      </div>
    </div>
     
    <div
      class="row mb-3"
    >
      <div
        class="col-8"
      >
        <a>
          <h6
            class="text-primary"
          >
            <i
              class="fal fa-trash-alt"
            />
             Trash
          </h6>
           
          <p
            class="text-muted mt-2"
          >
            Update your information
          </p>
        </a>
      </div>
    </div>
  </div>
</main>
`;
