// Jest Snapshot v1, https://goo.gl/fbAQLP

exports[`ForgotPassword Page should render correctly 1`] = `
<div
  class="forgot-password-container"
>
  <header
    id="feeds-header"
  >
    <nav
      class="navbar navbar-expand-lg navbar-light px-5 transparent alt-button"
    >
      <div
        class="container-fluid auth-nav"
      >
        <a
          class="backlink mr-4"
        >
          <div
            class="btn rounded-btn-circle d-flex justify-content-center"
          >
            <i
              class="fal fa-arrow-left back-icon"
            />
          </div>
        </a>
         
        <span
          class="back-text"
        >
          Back
        </span>
         
        <a
          class="router-link"
        >
          <!---->
           
          <img
            class="nav-logo"
            src="@/assets/Bloverse-white.svg"
          />
        </a>
         
        <!---->
         
        <!---->
      </div>
    </nav>
     
    <main
      id="bl-modal"
    >
      <div
        aria-hidden="true"
        aria-labelledby="customModal"
        class="modal fade"
        id="feedback-modal"
        role="dialog"
        tabindex="-1"
      >
        <div
          class="modal-dialog modal-dialog-centered"
          role="document"
        >
          <div
            class="modal-content"
          >
            <div
              class="modal-header darkBackground"
            >
              <!---->
               
              <div>
                <h6>
                  <strong
                    class="alt-title"
                  >
                    Send Us Some Feedback
                  </strong>
                </h6>
                 
                <h6
                  class="mt-2 sub-title"
                >
                  Found a bug? Have a suggestion?. Fill out the form below and we'll take a look!
                </h6>
              </div>
               
              <button
                aria-label="Close"
                class="close"
                data-dismiss="modal"
                type="button"
              >
                <span
                  aria-hidden="true"
                >
                  Ã—
                </span>
              </button>
            </div>
             
            <div
              class="modal-body"
            >
              <div
                class="bl-modal-content"
              >
                <p>
                  Enter your feedback here!
                </p>
                 
                <textarea
                  class="form-control mb-2 p-1"
                />
                 
                <label
                  class="ml-1 mr-3"
                >
                  <input
                    name="feedback-type"
                    type="radio"
                  />
                   Bug
      
                </label>
                 
                <label
                  class="mr-3"
                >
                  <input
                    name="feedback-type"
                    type="radio"
                  />
                   Comment
      
                </label>
                 
                <label
                  class="mr-3"
                >
                  <input
                    name="feedback-type"
                    type="radio"
                  />
                   Other
      
                </label>
              </div>
            </div>
             
            <div
              class="modal-footer"
            >
              <button
                class="btn btn-outline-primary"
                data-dismiss="modal"
                type="button"
              >
                
              Close
            
              </button>
               
              <button
                class="btn btn-primary"
                type="button"
              >
                Send Feedback
              </button>
            </div>
          </div>
        </div>
      </div>
    </main>
  </header>
   
  <div
    class="forgot-password-content d-flex flex-column justify-content-center align-items-center"
  >
    <div>
      <h4
        class="forgot-password-intro-one"
      >
        Forgot Password
      </h4>
       
      <h5
        class="forgot-password-intro-two"
      >
        Enter your email address and
        
        <br />
        we will send you a link to reset
        
        <br />
        your password
      
      </h5>
       
      <div
        class="forgot-password-form-section"
      >
        <form>
          <div
            class="form-group"
          >
            <input
              class="form-control defaultClass text-input"
              id="email"
              name="email"
              placeholder="Email"
            />
          </div>
        </form>
         
        <div>
          <button
            class="btn btn-primary password-primary-button"
          >
            Send
          </button>
        </div>
         
        <div
          class="password-grid-container"
        >
          <div
            class="password-grid-item"
          >
            <hr
              class="password-hr-text"
            />
          </div>
           
          <div
            class="password-middle-grid-item"
          >
            <p>
              <strong
                class="password-or-text"
              >
                Or
              </strong>
            </p>
          </div>
           
          <div
            class="password-grid-item"
          >
            <hr
              class="password-hr-text"
            />
          </div>
        </div>
      </div>
    </div>
     
    <div>
      <button
        class="btn btn-outline-secondary secondary-button"
      >
        <h2
          class="sign-up-new-bloverse-text text-center"
        >
          Create
        
          <a
            class="signup-login-text"
          >
            new account
          </a>
        </h2>
      </button>
    </div>
  </div>
   
  <div
    class="text-center m-3"
  >
    <p>
      <span
        class="bloverse"
      >
        bloverse
      </span>
      
      2019. All Right reserved
    
    </p>
  </div>
</div>
`;
