// Jest Snapshot v1, https://goo.gl/fbAQLP

exports[`Signup Page should render correctly 1`] = `
<div
  class="signup-container"
>
  <div
    class="top"
  >
    <span
      class="top-left-container"
    >
      <a
        href="/login"
      >
        <i
          class="fal fa-long-arrow-left fa-2x"
        />
         
        <span>
          Back
        </span>
      </a>
       
      <a
        class="router-link"
      >
        <img
          class="logo"
          src="@/assets/Logo - White.svg"
        />
      </a>
    </span>
  </div>
   
  <div
    class="content"
  >
    <div
      class="signup-intro-text"
    >
      <h2
        class="join-us-text"
      >
        Join us
      </h2>
       
      <br />
       
      <h3>
        Lorem ipsum dolor sit amet, consectetur adipiscing elit
      </h3>
       
      <br />
       
      <h3
        class="sign-up-text"
      >
        Sign Up With
      </h3>
    </div>
     
    <br />
     
    <div
      class="social-login"
    >
      <div>
        <button
          class="defaultButton"
        >
          <img
            src="@/assets/facebook-logo-light.svg"
          />
        </button>
      </div>
       
      <br />
       
      <div>
        <button
          class="defaultButton"
        >
          <img
            height="25"
            src="@/assets/google-text-logo.png"
            width="60"
          />
        </button>
      </div>
    </div>
     
    <br />
     
    <div
      class="grid-container"
    >
      <div
        class="grid-item"
      >
        <hr
          class="hr-text"
        />
      </div>
       
      <div
        class="middle-grid-item"
      >
        <p>
          Or
        </p>
      </div>
       
      <div
        class="grid-item"
      >
        <hr
          class="hr-text"
        />
      </div>
    </div>
     
    <br />
     
    <div
      class="basic-signup"
    >
      <input
        class="defaultClass text-input"
        id="first-name"
        name="firstName"
        placeholder="First name"
        type="text"
      />
       
      <br />
       
      <br />
       
      <input
        class="defaultClass text-input"
        id="last-name"
        name="lastName"
        placeholder="Last name"
        type="text"
      />
       
      <br />
       
      <br />
       
      <input
        class="defaultClass text-input"
        id="email"
        name="email"
        placeholder="Email"
        type="email"
      />
       
      <br />
       
      <br />
       
      <input
        class="defaultClass text-input"
        id="password"
        name="password"
        placeholder="Password"
        type="password"
      />
       
      <br />
       
      <br />
       
      <div>
        <button
          class="defaultButton login-button"
        >
          Sign Up
        </button>
      </div>
       
      <br />
       
      <h4
        class="terms-and-privacy"
      >
        
        By creating an account, you agree to
        
        <br />
        our
        
        <span
          class="terms-text"
        >
          Terms
        </span>
        
        and
        
        <span
          class="privacy-text"
        >
          Privacy
        </span>
      </h4>
       
      <br />
       
      <div>
        <button
          class="defaultButton signup-button"
        >
          <h2
            class="new-bloverse-text"
          >
            Have an account?
          
            <a
              class="signup-text"
            >
              Login
            </a>
          </h2>
        </button>
      </div>
    </div>
     
    <br />
     
    <br />
     
    <h2
      class="creator-text"
    >
      Content creator?
      
      <a
        class="router-link apply-now-text"
      >
        Apply
      </a>
    </h2>
  </div>
</div>
`;
