// Jest Snapshot v1, https://goo.gl/fbAQLP

exports[`Settings Page should render correctly 1`] = `
<main
  id="settings"
>
  <div
    class="container"
  >
    <div
      class="row d-flex justify-content-center align-items-center"
    >
      <div
        class="col-sm-7 col-lg-6"
      >
        <h3
          class="pb-4"
        >
          Settings
        </h3>
         
        <div
          class="card p-4"
        >
          <h6
            class="pb-3"
          >
            Profile
          </h6>
           
          <a
            class="text-capitalize"
          >
            edit profile
          </a>
           
          <p
            class="text small"
          >
            Update your information
          </p>
           
          <a
            class="text-capitalize mt-3"
          >
            change password
          </a>
           
          <p
            class="text small"
          >
            Update your information
          </p>
           
          <a
            class="text-capitalize mt-3"
          >
            customize country
          </a>
           
          <p
            class="text small"
          >
            Update your information
          </p>
           
          <a
            class="text-capitalize mt-3"
          >
            customize category
          </a>
           
          <p
            class="text small"
          >
            Update your information
          </p>
           
          <a
            class="text-capitalize mt-3"
            data-toggle="modal"
            href="#feedback-modal"
          >
            give feedback
          </a>
           
          <p
            class="text small"
          >
            Update your information
          </p>
           
          <p
            class="text-capitalize font-weight-bold pt-4 auth"
          >
            authorization
          </p>
           
          <div
            class="pt-3 d-flex justify-content-between align-items-center"
          >
            <div
              class="pr-2"
            >
              <p
                class="text-capitalize"
              >
                newsletter subscription
              </p>
               
              <p
                class="text small"
              >
                Subscribe to receive article digest of your interest
              </p>
            </div>
             
            <div>
              <button
                aria-pressed="true"
                autocomplete="off"
                class="btn btn-sm btn-toggle active"
                data-toggle="button"
                type="button"
              >
                <div
                  class="square"
                />
              </button>
            </div>
          </div>
           
          <!---->
           
          <div
            class="pt-3 d-flex justify-content-between align-items-center"
          >
            <div>
              <p>
                Browser Push Notifications
              </p>
               
              <p
                class="text small"
              >
                All notifications
              </p>
            </div>
             
            <div>
              <button
                aria-pressed="true"
                autocomplete="off"
                class="btn btn-sm btn-toggle active"
                data-toggle="button"
                type="button"
              >
                <div
                  class="square"
                />
              </button>
            </div>
          </div>
           
          <!---->
           
          <div
            class="hr"
          />
           
          <!---->
           
          <div
            class="d-flex justify-content-between align-items-center"
          >
            <div>
              <p
                class="text-capitalize"
              >
                Become a Content Creator
              </p>
               
              <p
                class="text small mb-2"
              >
                Publish your article to the world
              </p>
               
              <a
                class="text-capitalize"
              >
                know more
              </a>
            </div>
             
            <div>
              <a
                class="btn btn-sm btn-primary text-capitalize"
              >
                apply
              </a>
            </div>
          </div>
        </div>
      </div>
    </div>
     
    <main
      id="bl-modal"
    >
      <div
        aria-hidden="true"
        aria-labelledby="customModal"
        class="modal fade"
        id="feedback-modal"
        role="dialog"
        tabindex="-1"
      >
        <div
          class="modal-dialog modal-dialog-centered"
          role="document"
        >
          <div
            class="modal-content"
          >
            <div
              class="modal-header darkBackground"
            >
              <!---->
               
              <div>
                <h6>
                  <strong
                    class="alt-title"
                  >
                    Send Us Some Feedback
                  </strong>
                </h6>
                 
                <h6
                  class="mt-2 sub-title"
                >
                  Found a bug? Have a suggestion?. Fill out the form below and we'll take a look!
                </h6>
              </div>
               
              <button
                aria-label="Close"
                class="close"
                data-dismiss="modal"
                type="button"
              >
                <span
                  aria-hidden="true"
                >
                  Ã—
                </span>
              </button>
            </div>
             
            <div
              class="modal-body"
            >
              <div
                class="bl-modal-content"
              >
                <p>
                  Enter your feedback here!
                </p>
                 
                <textarea
                  class="form-control mb-2 p-1"
                />
                 
                <label
                  class="ml-1 mr-3"
                >
                  <input
                    name="feedback-type"
                    type="radio"
                  />
                   Bug
        
                </label>
                 
                <label
                  class="mr-3"
                >
                  <input
                    name="feedback-type"
                    type="radio"
                  />
                   Comment
        
                </label>
                 
                <label
                  class="mr-3"
                >
                  <input
                    name="feedback-type"
                    type="radio"
                  />
                   Other
        
                </label>
              </div>
            </div>
             
            <div
              class="modal-footer"
            >
              <button
                class="btn btn-outline-primary"
                data-dismiss="modal"
                type="button"
              >
                Close
              </button>
               
              <button
                class="btn btn-primary"
                type="button"
              >
                Send Feedback
              </button>
            </div>
          </div>
        </div>
      </div>
    </main>
  </div>
</main>
`;
