// Jest Snapshot v1, https://goo.gl/fbAQLP

exports[`CategoryCard Component should render correctly 1`] = `
<main
  class="card category-card p-3"
>
  <div
    class="header d-flex justify-content-between "
  >
    <h5>
      <strong>
        Interest
      </strong>
    </h5>
     
    <span
      class="edit-icon"
    >
      <i
        class="fal fa-edit mr-2"
      />
    </span>
  </div>
   
  <div
    class="mt-1"
  >
    <p
      class="category-title"
    >
      Lorem ipsum dolor sit amet
    </p>
     
    <div
      class="category-list d-flex flex-wrap mt-2"
    >
      <div
        class="category border rounded my-1 mr-2 p-2"
      >
        <span>
          Category One
        </span>
      </div>
       
      <div
        class="category border rounded my-1 mr-2 p-2"
      >
        <span>
          Category Two
        </span>
      </div>
       
      <div
        class="category border rounded my-1 mr-2 p-2"
      >
        <span>
          Category Three
        </span>
      </div>
       
      <div
        class="category border rounded my-1 mr-2 p-2"
      >
        <span>
          Category Four
        </span>
      </div>
       
      <div
        class="category border rounded my-1 mr-2 p-2"
      >
        <span>
          Category Five
        </span>
      </div>
       
      <div
        class="category border rounded my-1 mr-2 p-2"
      >
        <span>
          Category Six
        </span>
      </div>
       
      <div
        class="category border rounded my-1 mr-2 p-2"
      >
        <span>
          Category Seven
        </span>
      </div>
    </div>
  </div>
</main>
`;
