// Jest Snapshot v1, https://goo.gl/fbAQLP

exports[`CreatorPublishIcon Component should render correctly 1`] = `
<main
  id="bl-creator-add"
>
  <div
    class="button-container text-center"
  >
    <i
      class="fas fa-plus icon"
    />
  </div>
</main>
`;
