// Jest Snapshot v1, https://goo.gl/fbAQLP

exports[`CreatorCard Component should render correctly 1`] = `
<main
  id="bl-author-card"
>
  <div
    class="d-none d-md-block d-lg-block"
  >
    <div
      class="row"
    >
      <div
        class="col-md-2 align-self-center p-0"
      >
        <img
          class="author-image img-fluid"
          src="@/assets/smiling-author.jpg"
        />
      </div>
       
      <div
        class="col-md-10"
      >
        <p
          class="author-name text-truncate"
        >
          
          By JohnDoe
        
        </p>
         
        <p
          class="message text-truncate"
        >
          
          Greeting to the sun
        
        </p>
      </div>
    </div>
  </div>
</main>
`;
