// Jest Snapshot v1, https://goo.gl/fbAQLP

exports[`ProfileCard Component should render correctly 1`] = `
<main
  class="card profile"
>
  <img
    alt="..."
    class="card-img-top"
    src="@/assets/Avatar.png"
  />
   
  <div
    class="profile-edit-icon d-flex justify-content-end p-3"
  >
    <i
      class="fal fa-user-edit fa-2x"
    />
  </div>
   
  <div
    class="avatar mx-4"
  >
    <img
      alt="..."
      class="profile-img rounded"
      src="@/assets/Avatar2.png"
    />
     
    <span
      class="profile-name pl-3"
    >
      Johndoe
    </span>
  </div>
   
  <div
    class="card-body profile-body"
  >
    <h5
      class="card-title"
    >
      John Doe
    </h5>
     
    <p>
      <span
        class="pr-2 pb-5"
      >
        <i
          class="fal fa-phone"
        />
      </span>
       +234 000 000 0000
    
    </p>
     
    <p>
      <span
        class="pr-2 py-1"
      >
        <i
          class="fal fa-envelope"
        />
      </span>
       email@bloverse.com
    
    </p>
     
    <p>
      <span
        class="pr-2"
      >
        <i
          class="fal fa-map-marker-alt"
        />
      </span>
       Lagos, Nigeria
    
    </p>
     
    <div
      class="py-4 profile-content"
    >
      <p
        class="profile__text"
      >
        Some quick example text to build on the card title and make up the bulk of the card's content.
      </p>
    </div>
     
    <div
      class="follow d-flex justify-content-between"
    >
      <a
        data-toggle="modal"
        href="#following-modal"
      >
        Following
      </a>
       
      <span
        class="border rounded px-1 mr-2"
        data-toggle="modal"
        href="#following-modal"
        id="number"
      >
        5
      </span>
    </div>
  </div>
   
  <div
    class="card-footer text-muted bg-white"
  >
    Member Since:
    
    <strong>
      December, 2018
    </strong>
  </div>
   
  <main
    id="bl-modal"
  >
    <div
      aria-hidden="true"
      aria-labelledby="customModal"
      class="modal fade"
      id="following-modal"
      role="dialog"
      tabindex="-1"
    >
      <div
        class="modal-dialog modal-dialog-centered"
        role="document"
      >
        <div
          class="modal-content"
        >
          <div
            class="modal-header"
          >
            <h5
              class="modal-title"
              id="customModal"
            >
              Following
            </h5>
             
            <button
              aria-label="Close"
              class="close"
              data-dismiss="modal"
              type="button"
            >
              <span
                aria-hidden="true"
              >
                Ã—
              </span>
            </button>
          </div>
           
          <div
            class="modal-body"
          >
            <div
              class="bl-modal-content"
            >
              <div
                class="row align-items-center mt-2 mb-2"
              >
                <div
                  class="col-3 col-md-2 d-flex justify-content-center"
                >
                  <img
                    class="user-image img-fluid"
                    src="@/assets/smiling-author.jpg"
                  />
                </div>
                 
                <div
                  class="col-9 col-sm-9 col-md-6 pl-0"
                >
                  <p
                    class="username"
                  >
                    
            JohnDoe
            
                    <span
                      class="sub-span point d-inline d-md-none"
                    >
                      <a
                        href="#"
                      >
                        Unfollow
                      </a>
                    </span>
                  </p>
                   
                  <p
                    class="sub-text"
                  >
                    <span
                      class="sub-span"
                    >
                      24
                    </span>
                     Followers
            
                    <span
                      class="sub-span point"
                    >
                      234
                    </span>
                     Articles
          
                  </p>
                </div>
                 
                <div
                  class="d-none d-sm-none col-md-4 d-md-flex justify-content-end"
                >
                  <button
                    class="btn btn-outline-primary"
                    type="button"
                  >
                    Following
                  </button>
                </div>
              </div>
               
              <div
                class="row align-items-center mt-2 mb-2"
              >
                <div
                  class="col-3 col-md-2 d-flex justify-content-center"
                >
                  <img
                    class="user-image img-fluid"
                    src="@/assets/smiling-author.jpg"
                  />
                </div>
                 
                <div
                  class="col-9 col-sm-9 col-md-6 pl-0"
                >
                  <p
                    class="username"
                  >
                    
            JohnDoe
            
                    <span
                      class="sub-span point d-inline d-md-none"
                    >
                      <a
                        href="#"
                      >
                        Unfollow
                      </a>
                    </span>
                  </p>
                   
                  <p
                    class="sub-text"
                  >
                    <span
                      class="sub-span"
                    >
                      24
                    </span>
                     Followers
            
                    <span
                      class="sub-span point"
                    >
                      234
                    </span>
                     Articles
          
                  </p>
                </div>
                 
                <div
                  class="d-none d-sm-none col-md-4 d-md-flex justify-content-end"
                >
                  <button
                    class="btn btn-outline-primary"
                    type="button"
                  >
                    Following
                  </button>
                </div>
              </div>
               
              <div
                class="row align-items-center mt-2 mb-2"
              >
                <div
                  class="col-3 col-md-2 d-flex justify-content-center"
                >
                  <img
                    class="user-image img-fluid"
                    src="@/assets/smiling-author.jpg"
                  />
                </div>
                 
                <div
                  class="col-9 col-sm-9 col-md-6 pl-0"
                >
                  <p
                    class="username"
                  >
                    
            JohnDoe
            
                    <span
                      class="sub-span point d-inline d-md-none"
                    >
                      <a
                        href="#"
                      >
                        Unfollow
                      </a>
                    </span>
                  </p>
                   
                  <p
                    class="sub-text"
                  >
                    <span
                      class="sub-span"
                    >
                      24
                    </span>
                     Followers
            
                    <span
                      class="sub-span point"
                    >
                      234
                    </span>
                     Articles
          
                  </p>
                </div>
                 
                <div
                  class="d-none d-sm-none col-md-4 d-md-flex justify-content-end"
                >
                  <button
                    class="btn btn-outline-primary"
                    type="button"
                  >
                    Following
                  </button>
                </div>
              </div>
            </div>
          </div>
           
          <!---->
        </div>
      </div>
    </div>
  </main>
</main>
`;
