// Jest Snapshot v1, https://goo.gl/fbAQLP

exports[`ChangePassword Component should render correctly 1`] = `
<main
  class="container-fluid p-0 bl-change-password"
  id="bl-change-password"
>
  <header
    id="feeds-header"
  >
    <nav
      class="navbar navbar-expand-lg navbar-light px-5"
    >
      <div
        class="container-fluid back-nav"
      >
        <a
          class="backlink mr-4"
          href="/settings"
        >
          <div
            class="btn rounded-btn-circle d-flex justify-content-center"
          >
            <i
              class="fal fa-arrow-left back-icon"
            />
          </div>
        </a>
         
        <span
          class="back-text"
        >
          Back
        </span>
         
        <a
          class="router-link"
        >
          <img
            class="nav-logo"
            src="@/assets/Bloverse.svg"
          />
           
          <!---->
        </a>
         
        <!---->
         
        <!---->
      </div>
    </nav>
     
    <main
      id="bl-modal"
    >
      <div
        aria-hidden="true"
        aria-labelledby="customModal"
        class="modal fade"
        id="feedback-modal"
        role="dialog"
        tabindex="-1"
      >
        <div
          class="modal-dialog modal-dialog-centered"
          role="document"
        >
          <div
            class="modal-content"
          >
            <div
              class="modal-header darkBackground"
            >
              <!---->
               
              <div>
                <h6>
                  <strong
                    class="alt-title"
                  >
                    Send Us Some Feedback
                  </strong>
                </h6>
                 
                <h6
                  class="mt-2 sub-title"
                >
                  Found a bug? Have a suggestion?. Fill out the form below and we'll take a look!
                </h6>
              </div>
               
              <button
                aria-label="Close"
                class="close"
                data-dismiss="modal"
                type="button"
              >
                <span
                  aria-hidden="true"
                >
                  Ã—
                </span>
              </button>
            </div>
             
            <div
              class="modal-body"
            >
              <div
                class="bl-modal-content"
              >
                <p>
                  Enter your feedback here!
                </p>
                 
                <textarea
                  class="form-control mb-2 p-1"
                />
                 
                <label
                  class="ml-1 mr-3"
                >
                  <input
                    name="feedback-type"
                    type="radio"
                  />
                    Bug
                </label>
                 
                <label
                  class="mr-3"
                >
                  <input
                    name="feedback-type"
                    type="radio"
                  />
                    Comment
                </label>
                 
                <label
                  class="mr-3"
                >
                  <input
                    name="feedback-type"
                    type="radio"
                  />
                    Other
                </label>
              </div>
            </div>
             
            <div
              class="modal-footer"
            >
              <button
                class="btn btn-outline-primary"
                data-dismiss="modal"
                type="button"
              >
                
              Close
            
              </button>
               
              <button
                class="btn btn-primary"
                type="button"
              >
                Send Feedback
              </button>
            </div>
          </div>
        </div>
      </div>
    </main>
  </header>
   
  <div
    class="container main-content"
  >
    <div
      class="row change-password-form"
    >
      <form>
        <div
          class="form-group bl-form-header"
        >
          <h3>
            Change Password
          </h3>
        </div>
         
        <div
          class="form-group"
        >
          <input
            aria-describedby="oldPassword"
            class="form-control"
            id="old-password"
            placeholder="Old Password"
            type="password"
          />
        </div>
         
        <div
          class="form-group"
        >
          <input
            aria-describedby="newPassword"
            class="form-control"
            id="new-password"
            placeholder="New Password"
            type="password"
          />
        </div>
         
        <div
          class="form-group"
        >
          <input
            class="form-control"
            id="confirm-password"
            placeholder="Confirm Password"
            type="password"
          />
        </div>
         
        <button
          class="btn btn-primary btn-block bl-form-btn"
          type="submit"
        >
          
          Save
        
        </button>
      </form>
    </div>
  </div>
   
  <div
    class="footer-container"
  >
    <p>
      <span
        class="bloverse"
      >
        bloverse
      </span>
       2019. All Rights Reserved
    </p>
  </div>
</main>
`;
