// Jest Snapshot v1, https://goo.gl/fbAQLP

exports[`SigninView Component should render correctly 1`] = `
<div
  class="sign-in-container"
>
  <div
    class="top"
  >
    <span
      class="top-left-container"
    >
      <a
        href="/"
      >
        <i
          class="fal fa-long-arrow-left fa-2x"
        />
         
        <span
          class="back-text"
        >
          Back
        </span>
      </a>
       
      <a
        class="router-link"
      >
        <img
          class="logo"
          src="@/assets/Logo - White.svg"
        />
         
        <img
          class="blue-logo"
          src="@/assets/Logo.svg"
        />
      </a>
    </span>
  </div>
   
  <div
    class="sign-in-content d-flex flex-column justify-content-center align-items-center"
  >
    <div>
      <h4
        class="sign-in-intro-one"
      >
        Welcome Back
      </h4>
       
      <h5
        class="sign-in-intro-two"
      >
        Login With
      </h5>
       
      <div
        class="social-login"
      >
        <div>
          <button
            class="btn btn-light sign-in-social-button sign-in-facebook-btn"
          >
            <img
              src="@/assets/facebook-logo-light.svg"
            />
          </button>
        </div>
         
        <br />
         
        <div>
          <button
            class="btn btn-light sign-in-social-button"
          >
            <img
              height="25"
              src="@/assets/google-text-logo.png"
              width="60"
            />
          </button>
        </div>
      </div>
       
      <div
        class="grid-container"
      >
        <div
          class="grid-item"
        >
          <hr
            class="hr-text"
          />
        </div>
         
        <div
          class="middle-grid-item"
        >
          <p>
            Or
          </p>
        </div>
         
        <div
          class="grid-item"
        >
          <hr
            class="hr-text"
          />
        </div>
      </div>
    </div>
     
    <div
      class="sign-in-form-section"
    >
      <form>
        <div
          class="form-group"
        >
          <input
            class="form-control defaultClass"
            id="email"
            name="email"
            placeholder="Email"
          />
        </div>
      </form>
       
      <form>
        <div
          class="form-group"
        >
          <input
            class="form-control defaultClass"
            id="password"
            name="password"
            placeholder="Password"
          />
        </div>
      </form>
       
      <p
        class="forgot-password-link d-flex justify-content-end"
      >
        <a>
          Forgot password ?
        </a>
      </p>
       
      <div>
        <button
          class="btn btn-primary sign-in-primary-button"
        >
          Login
        </button>
      </div>
       
      <div>
        <button
          class="btn btn-outline-secondary secondary-button"
        >
          <h2
            class="sign-up-new-bloverse-text"
          >
            New to Bloverse?
          
            <a
              class="signup-login-text"
            >
              Sign Up
            </a>
          </h2>
        </button>
      </div>
    </div>
     
    <div
      class="signup-creator-text"
    >
      <h2
        class="sign-up-creator-text"
      >
        Content creator? 
      
        <a
          class="router-link sign-up-apply-now-text"
        >
          
        Apply
      
        </a>
      </h2>
    </div>
  </div>
   
  <main
    id="bl-author-card"
  >
    <div
      class="d-none d-md-block d-lg-block"
    >
      <div
        class="row"
      >
        <div
          class="col-md-2 align-self-center p-0"
        >
          <img
            class="author-image img-fluid"
            src="@/assets/smiling-author.jpg"
          />
        </div>
         
        <div
          class="col-md-10"
        >
          <p
            class="author-name text-truncate"
          >
            
          By JohnDoe
        
          </p>
           
          <p
            class="message text-truncate"
          >
            
          Greeting to the sun
        
          </p>
        </div>
      </div>
    </div>
  </main>
   
  <div
    class="bottom"
  >
    <p>
      <span
        class="bloverse"
      >
        Bloverse
      </span>
       2019. All Right Reserved
    </p>
  </div>
</div>
`;
