// Jest Snapshot v1, https://goo.gl/fbAQLP

exports[`NewPassword Page should render correctly 1`] = `
<div
  class="new-password-container"
>
  <div
    class="top"
  >
    <span
      class="top-left-container"
    >
      <a
        href="/"
      >
        <i
          class="fal fa-long-arrow-left fa-2x"
        />
         
        <span
          class="back-text"
        >
          Back
        </span>
      </a>
       
      <a
        class="router-link"
      >
        <img
          class="logo"
          src="@/assets/Bloverse-white.svg"
        />
         
        <img
          class="blue-logo"
          src="@/assets/Bloverse.svg"
        />
      </a>
    </span>
  </div>
   
  <div
    class="new-password-content d-flex flex-column justify-content-center align-items-center"
  >
    <div>
      <h4
        class="new-password-intro-one"
      >
        New Password
      </h4>
       
      <h5
        class="new-password-intro-two"
      >
        Enter your new password below
      </h5>
       
      <div
        class="new-password-form-section"
      >
        <form>
          <div
            class="form-group"
          >
            <input
              class="form-control defaultClass text-input"
              id="password"
              name="password"
              placeholder="Password"
            />
          </div>
        </form>
         
        <form>
          <div
            class="form-group"
          >
            <input
              class="form-control defaultClass text-input"
              id="confirmPassword"
              name="confirmPassword"
              placeholder="Confirm Password"
            />
          </div>
        </form>
         
        <div>
          <button
            class="btn btn-primary password-primary-button"
          >
            Save
          </button>
        </div>
      </div>
    </div>
  </div>
   
  <div
    class="password-bottom"
  >
    <p>
      <span
        class="bloverse"
      >
        Bloverse
      </span>
      
      2019. All Right reserved
    
    </p>
  </div>
</div>
`;
