// Jest Snapshot v1, https://goo.gl/fbAQLP

exports[`EditProfile Page should render correctly 1`] = `
<div
  class="edit-container"
>
  <header
    id="feeds-header"
  >
    <nav
      class="navbar navbar-expand-lg navbar-light px-5"
    >
      <div
        class="container-fluid back-nav"
      >
        <a
          class="backlink mr-4"
          href="/settings"
        >
          <i
            class="fal fa-long-arrow-left fa-2x back-icon"
          />
           
          <span
            class="back-text"
          >
            Back
          </span>
        </a>
         
        <a
          class="router-link"
        >
          <img
            class="nav-logo"
            src="@/assets/Bloverse.svg"
          />
           
          <!---->
        </a>
         
        <!---->
         
        <!---->
      </div>
    </nav>
     
    <main
      id="bl-modal"
    >
      <div
        aria-hidden="true"
        aria-labelledby="customModal"
        class="modal fade"
        id="feedback-modal"
        role="dialog"
        tabindex="-1"
      >
        <div
          class="modal-dialog modal-dialog-centered"
          role="document"
        >
          <div
            class="modal-content"
          >
            <div
              class="modal-header darkBackground"
            >
              <!---->
               
              <div>
                <h6>
                  <strong
                    class="alt-title"
                  >
                    Send Us Some Feedback
                  </strong>
                </h6>
                 
                <h6
                  class="mt-2 sub-title"
                >
                  Found a bug? Have a suggestion?. Fill out the form below and we'll take a look!
                </h6>
              </div>
               
              <button
                aria-label="Close"
                class="close"
                data-dismiss="modal"
                type="button"
              >
                <span
                  aria-hidden="true"
                >
                  Ã—
                </span>
              </button>
            </div>
             
            <div
              class="modal-body"
            >
              <div
                class="bl-modal-content"
              >
                <p>
                  Enter your feedback here!
                </p>
                 
                <textarea
                  class="form-control mb-2 p-1"
                />
                 
                <label
                  class="ml-1 mr-3"
                >
                  <input
                    name="feedback-type"
                    type="radio"
                  />
                    Bug
                </label>
                 
                <label
                  class="mr-3"
                >
                  <input
                    name="feedback-type"
                    type="radio"
                  />
                    Comment
                </label>
                 
                <label
                  class="mr-3"
                >
                  <input
                    name="feedback-type"
                    type="radio"
                  />
                    Other
                </label>
              </div>
            </div>
             
            <div
              class="modal-footer"
            >
              <button
                class="btn btn-outline-primary"
                data-dismiss="modal"
                type="button"
              >
                
              Close
            
              </button>
               
              <button
                class="btn btn-primary"
                type="button"
              >
                Send Feedback
              </button>
            </div>
          </div>
        </div>
      </div>
    </main>
  </header>
   
  <div
    class="content"
  >
    <div
      class="container"
    >
      <div
        class="row"
      >
        <div
          class="col-md-4"
        />
         
        <div
          class="col-12 col-md-4 col-sm-4 col-lg-4"
        >
          <br />
           
          <br />
           
          <h3>
            Edit Profile
          </h3>
           
          <br />
           
          <br />
           
          <br />
           
          <form
            action=""
          >
            <div
              class="row"
            >
              <div
                class="col-3 col-md-3 col-sm-3 col-lg-3 pr-0"
              >
                <div
                  class="file_share"
                >
                  <input
                    id="profile-image"
                    name="profileImage"
                    type="file"
                  />
                   
                  <i
                    class="fal fa-plus"
                  />
                </div>
              </div>
               
              <div
                class="col-9 col-md-9 col-sm-9 col-lg-9"
              >
                <input
                  class="form-control"
                  id="username"
                  name="username"
                  placeholder="User Name"
                  type="text"
                />
              </div>
            </div>
             
            <input
              class="form-control"
              id="firstName"
              name="firstName"
              placeholder="First Name"
              type="text"
            />
             
            <input
              class="form-control"
              id="lastName"
              name="lastName"
              placeholder="Last Name"
              type="text"
            />
             
            <div
              class="row"
            >
              <div
                class="col-md-3 col-3 pr-0"
              >
                <select
                  class="form-control edit__profile--select"
                  id="countrycode"
                  name="countrycode"
                >
                  <option
                    value=""
                  >
                    +234
                  </option>
                   
                  <option
                    value="+234"
                  >
                    +234
                  </option>
                   
                  <option
                    value="+234"
                  >
                    +234
                  </option>
                   
                  <option
                    value="+234"
                  >
                    +234
                  </option>
                   
                  <option
                    value="+234"
                  >
                    +234
                  </option>
                   
                  <option
                    value="+234"
                  >
                    +234
                  </option>
                </select>
              </div>
               
              <div
                class="col-md-9 col-9 pl-0"
              >
                <input
                  class="form-control"
                  id="phone"
                  name="phone"
                  placeholder="000 000 0000"
                  type="number"
                />
              </div>
            </div>
             
            <input
              class="form-control"
              id="email"
              name="email"
              placeholder="Email Adddress"
              type="email"
            />
             
            <input
              class="form-control"
              id="location"
              name="location"
              placeholder="Lagos Nigeria"
              type="text"
            />
             
            <textarea
              class="form-control"
              cols="30"
              id="bio"
              name="bio"
              rows="4"
            />
             
            <br />
             
            <span
              class="d-flex justify-content-end span-text"
            >
              0&lt;124
            </span>
             
            <br />
             
            <button
              class="btn btn-primary btn-block edit-btn"
              type="submit"
            >
              Save
            </button>
          </form>
        </div>
         
        <div
          class="col-md-4"
        />
      </div>
    </div>
  </div>
</div>
`;
