// Jest Snapshot v1, https://goo.gl/fbAQLP

exports[`TextInput Component should render correctly 1`] = `
<input
  class="defaultClass"
/>
`;
